// Vitest Snapshot v1

exports[`Header.vue > render component 1`] = `
<header
  class="w-full bg-gradient-to-r from-sky-400 to-pink-600 pb-px relative"
>
  <div
    class="h-full w-full flex z-20 relative bg-white dark:bg-neutral-950 transition-color"
  >
    <div
      class="w-full container px-4 mx-auto md:px-14 lg:px-20 drop-shadow-lg py-1 flex justify-between"
    >
      
      <div>
        Left
      </div>
      
      
      <div>
        Middle
      </div>
      
      
      <div>
        Right
      </div>
      
    </div>
  </div>
  
  <div>
    Bottom
  </div>
  
</header>
`;
