// Vitest Snapshot v1

exports[`DefaultMobileHeader.vue > render component 1`] = `<moleculeheader />`;
