// Vitest Snapshot v1

exports[`SidebarModal.vue > render component 1`] = `
<div
  class="absolute top-0 z-50 left-0 w-full min-h-screen bg-black-rgba-06 dark:bg-white-rgba-06 overflow-y-auto"
>
  <div
    class="modal top-0 right-0 absolute min-h-screen bg-white dark:bg-neutral-900 w-full sm:max-w-md py-4 px-3 z-20"
  >
    <div
      class="button-container flex justify-end"
    >
      <atomicon
        class="close-modal bg-transparent text-2xl cursor-pointer text-gray-400"
        icon="fas,xmark"
      />
    </div>
    <div
      class="modal-container modal-container--country"
    >
      <organismcountrymodal
        closemodal="() => {}"
        data-test="countryModal"
      />
    </div>
  </div>
</div>
`;
