// Vitest Snapshot v1

exports[`DefaultHeader.vue > render component 1`] = `<moleculeheader />`;
